// Jest Snapshot v1, https://goo.gl/fbAQLP

exports[`NavBar Should renders correctly 1`] = `
<div>
  <header>
    <nav
      class="nav"
    >
      <div />
      <h3
        class="center"
      >
        Home
      </h3>
      <div
        class="end"
      >
        <svg
          fill="currentColor"
          height="1em"
          stroke="currentColor"
          stroke-width="0"
          viewBox="0 0 16 16"
          width="1em"
          xmlns="http://www.w3.org/2000/svg"
        >
          <path
            d="M5 3a3 3 0 0 1 6 0v5a3 3 0 0 1-6 0V3z"
          />
          <path
            d="M3.5 6.5A.5.5 0 0 1 4 7v1a4 4 0 0 0 8 0V7a.5.5 0 0 1 1 0v1a5 5 0 0 1-4.5 4.975V15h3a.5.5 0 0 1 0 1h-7a.5.5 0 0 1 0-1h3v-2.025A5 5 0 0 1 3 8V7a.5.5 0 0 1 .5-.5z"
          />
        </svg>
        <svg
          fill="currentColor"
          height="1em"
          stroke="currentColor"
          stroke-width="0"
          viewBox="0 0 512 512"
          width="1em"
          xmlns="http://www.w3.org/2000/svg"
        >
          <path
            d="M487.4 315.7l-42.6-24.6c4.3-23.2 4.3-47 0-70.2l42.6-24.6c4.9-2.8 7.1-8.6 5.5-14-11.1-35.6-30-67.8-54.7-94.6-3.8-4.1-10-5.1-14.8-2.3L380.8 110c-17.9-15.4-38.5-27.3-60.8-35.1V25.8c0-5.6-3.9-10.5-9.4-11.7-36.7-8.2-74.3-7.8-109.2 0-5.5 1.2-9.4 6.1-9.4 11.7V75c-22.2 7.9-42.8 19.8-60.8 35.1L88.7 85.5c-4.9-2.8-11-1.9-14.8 2.3-24.7 26.7-43.6 58.9-54.7 94.6-1.7 5.4.6 11.2 5.5 14L67.3 221c-4.3 23.2-4.3 47 0 70.2l-42.6 24.6c-4.9 2.8-7.1 8.6-5.5 14 11.1 35.6 30 67.8 54.7 94.6 3.8 4.1 10 5.1 14.8 2.3l42.6-24.6c17.9 15.4 38.5 27.3 60.8 35.1v49.2c0 5.6 3.9 10.5 9.4 11.7 36.7 8.2 74.3 7.8 109.2 0 5.5-1.2 9.4-6.1 9.4-11.7v-49.2c22.2-7.9 42.8-19.8 60.8-35.1l42.6 24.6c4.9 2.8 11 1.9 14.8-2.3 24.7-26.7 43.6-58.9 54.7-94.6 1.5-5.5-.7-11.3-5.6-14.1zM256 336c-44.1 0-80-35.9-80-80s35.9-80 80-80 80 35.9 80 80-35.9 80-80 80z"
          />
        </svg>
      </div>
    </nav>
  </header>
</div>
`;
